// Jest Snapshot v1, https://goo.gl/fbAQLP

exports[`SmallLoader renders correctly 1`] = `
<div
  className="ldsRing"
  data-testid="small-lds-ring"
>
  <div />
  <div />
</div>
`;
