// Jest Snapshot v1, https://goo.gl/fbAQLP

exports[`Checkbox renders correctly 1`] = `
<div
  className="container"
>
  <input
    checked={false}
    id="checkbox"
    name="checkbox"
    onChange={[Function]}
    type="checkbox"
  />
  <span
    className="checkmark"
    data-testid="checkbox-cover"
    onClick={[Function]}
  />
</div>
`;
