// Jest Snapshot v1, https://goo.gl/fbAQLP

exports[`LoginContainer renders correctly 1`] = `
<form
  className="login"
  onSubmit={[Function]}
>
  <div
    className="group"
  >
    <label
      htmlFor="email"
    >
      Email
    </label>
    <input
      className="normal"
      id="email"
      name="email"
      onFocus={[Function]}
      required={true}
      type="email"
    />
  </div>
  <div
    className="group"
  >
    <label
      htmlFor="password"
    >
      Password
    </label>
    <div
      className="passwordInput"
    >
      <input
        className="normal input"
        id="password"
        name="password"
        onFocus={[Function]}
        required={true}
        type="password"
      />
      <button
        className="visibilityIcon"
        onClick={[Function]}
      >
        <svg
          aria-hidden={true}
          className="MuiSvgIcon-root MuiSvgIcon-fontSizeMedium css-i4bv87-MuiSvgIcon-root"
          data-testid="VisibilityOutlinedIcon"
          focusable="false"
          viewBox="0 0 24 24"
        >
          <path
            d="M12 6c3.79 0 7.17 2.13 8.82 5.5C19.17 14.87 15.79 17 12 17s-7.17-2.13-8.82-5.5C4.83 8.13 8.21 6 12 6m0-2C7 4 2.73 7.11 1 11.5 2.73 15.89 7 19 12 19s9.27-3.11 11-7.5C21.27 7.11 17 4 12 4zm0 5c1.38 0 2.5 1.12 2.5 2.5S13.38 14 12 14s-2.5-1.12-2.5-2.5S10.62 9 12 9m0-2c-2.48 0-4.5 2.02-4.5 4.5S9.52 16 12 16s4.5-2.02 4.5-4.5S14.48 7 12 7z"
          />
        </svg>
      </button>
    </div>
  </div>
  <div
    className="actionsGroup"
  >
    <div
      className="subgroup"
    >
      <button
        className="normal loginButton"
        type="submit"
      >
        Login
      </button>
      <span
        className="forgotPasswordQuestion"
      >
        <a
          className="link"
          href="/recover-password"
          onClick={[Function]}
        >
           Forgot your password? 
        </a>
      </span>
    </div>
    <div
      className="subgroup"
    >
      <span>
         Don't have an account? 
        <a
          className="link"
          href="/sign-up"
          onClick={[Function]}
        >
           Sign Up 
        </a>
      </span>
      <span>
        <a
          className="link"
          href="/resend-confirmation-email"
          onClick={[Function]}
        >
           Resend confirmation email 
        </a>
      </span>
    </div>
  </div>
</form>
`;
