// Jest Snapshot v1, https://goo.gl/fbAQLP

exports[`ResetPasswordEmailSent renders correctly 1`] = `
<div
  className="resetPasswordEmailSent"
>
  An email with reset password intructions has been sent to
  <div
    className="email"
  >
    account@mail.com
  </div>
  and it should arrive soon. Please check your inbox.
</div>
`;
