// Jest Snapshot v1, https://goo.gl/fbAQLP

exports[`Layout renders correctly 1`] = `
<div
  className="wrapper"
>
  <div
    className="logo"
  >
    <img
      alt=""
      className="image"
      src="dandelion.svg"
    />
  </div>
  <h1
    className="title"
  />
  <div
    data-testid="text"
  >
    text
  </div>
</div>
`;
