// Jest Snapshot v1, https://goo.gl/fbAQLP

exports[`Captcha renders correctly 1`] = `
<div
  className="captcha"
>
  <div
    className="captchaWraper"
  >
    <div
      className="captchaImage"
    >
      <img
        src="data:image/jpeg;base64,/9j/4AAQSkZJRgABAQEAYABgAAD/2wBDAAgGBg..."
      />
    </div>
    <button
      className="normal"
      onClick={[Function]}
    >
       Refresh 
    </button>
  </div>
  <input
    className="normal"
    id="captcha"
    name="catcha"
    placeholder="Enter captcha"
    required={true}
  />
</div>
`;
