// Jest Snapshot v1, https://goo.gl/fbAQLP

exports[`PasswordUpdated renders correctly 1`] = `
<div
  className="passwordUpdated"
>
  Your password has been reset successfully. Please go to
  <a
    href="/login"
    onClick={[Function]}
  >
     Sign in 
  </a>
  page to sign in.
</div>
`;
