// Jest Snapshot v1, https://goo.gl/fbAQLP

exports[`AccountVerified renders correctly 1`] = `
<div
  className="accountVerified"
>
  Your account has been verified successfully. Please go to
  <a
    href="/login"
    onClick={[Function]}
  >
     Sign in 
  </a>
  page to sign in.
</div>
`;
