// Jest Snapshot v1, https://goo.gl/fbAQLP

exports[`ResetPassword renders correctly 1`] = `
<div
  className="resetPassword"
>
  <form
    className="form"
    onSubmit={[Function]}
  >
    <div
      className="group"
    >
      <label
        htmlFor="password"
      >
        Password
      </label>
      <div
        className="passwordInput"
      >
        <input
          className="normal input"
          id="password"
          name="password"
          onFocus={[Function]}
          required={true}
          type="password"
        />
        <button
          className="visibilityIcon"
          onClick={[Function]}
        >
          <svg
            aria-hidden={true}
            className="MuiSvgIcon-root MuiSvgIcon-fontSizeMedium css-i4bv87-MuiSvgIcon-root"
            data-testid="VisibilityOutlinedIcon"
            focusable="false"
            viewBox="0 0 24 24"
          >
            <path
              d="M12 6c3.79 0 7.17 2.13 8.82 5.5C19.17 14.87 15.79 17 12 17s-7.17-2.13-8.82-5.5C4.83 8.13 8.21 6 12 6m0-2C7 4 2.73 7.11 1 11.5 2.73 15.89 7 19 12 19s9.27-3.11 11-7.5C21.27 7.11 17 4 12 4zm0 5c1.38 0 2.5 1.12 2.5 2.5S13.38 14 12 14s-2.5-1.12-2.5-2.5S10.62 9 12 9m0-2c-2.48 0-4.5 2.02-4.5 4.5S9.52 16 12 16s4.5-2.02 4.5-4.5S14.48 7 12 7z"
            />
          </svg>
        </button>
      </div>
    </div>
    <div
      className="group"
    >
      <label
        htmlFor="confirmPassword"
      >
        Confirm password
      </label>
      <div
        className="passwordInput"
      >
        <input
          className="normal input"
          id="confirmPassword"
          name="confirmPassword"
          onFocus={[Function]}
          required={true}
          type="password"
        />
        <button
          className="visibilityIcon"
          onClick={[Function]}
        >
          <svg
            aria-hidden={true}
            className="MuiSvgIcon-root MuiSvgIcon-fontSizeMedium css-i4bv87-MuiSvgIcon-root"
            data-testid="VisibilityOutlinedIcon"
            focusable="false"
            viewBox="0 0 24 24"
          >
            <path
              d="M12 6c3.79 0 7.17 2.13 8.82 5.5C19.17 14.87 15.79 17 12 17s-7.17-2.13-8.82-5.5C4.83 8.13 8.21 6 12 6m0-2C7 4 2.73 7.11 1 11.5 2.73 15.89 7 19 12 19s9.27-3.11 11-7.5C21.27 7.11 17 4 12 4zm0 5c1.38 0 2.5 1.12 2.5 2.5S13.38 14 12 14s-2.5-1.12-2.5-2.5S10.62 9 12 9m0-2c-2.48 0-4.5 2.02-4.5 4.5S9.52 16 12 16s4.5-2.02 4.5-4.5S14.48 7 12 7z"
            />
          </svg>
        </button>
      </div>
    </div>
    <div
      className="captcha"
    >
      <div
        className="captchaWraper"
      >
        <div
          className="captchaImage"
        >
          <div
            className="ldsRing"
            data-testid="small-lds-ring"
          >
            <div />
            <div />
          </div>
        </div>
        <button
          className="normal"
          onClick={[Function]}
        >
           Refresh 
        </button>
      </div>
      <input
        className="normal"
        id="captcha"
        name="catcha"
        placeholder="Enter captcha"
        required={true}
      />
    </div>
    <button
      className="normal resetButton"
      type="submit"
    >
      Reset password
    </button>
  </form>
</div>
`;
